Kashem@Kashem-680M MINGW32 ~
$ pwd
/c/Users/Kashem

Kashem@Kashem-680M MINGW32 ~
$ cd e:/

Kashem@Kashem-680M MINGW32 /e
$ ls
'$RECYCLE.BIN'/             GOT/              'Preason Break'/
'$SIR$'/                   'MAK OFFICE DOC'/   QAAE/
 2020SS1/                  'MAK others'/      'Scan doc of MAK'/
 ASP/                      'maruf bhai'/      'soft fm zahid'/
'CAT 05 PP'/                MIS_SOFT/         'System Volume Information'/
'Compiled Sir By anowar'/   MOVIE/
'FROM DESKTOP MAK'/         movies/

Kashem@Kashem-680M MINGW32 /e
$ cd QAAE/

Kashem@Kashem-680M MINGW32 /e/QAAE
$ ls
AWSB2002/  homework/  practice_cmnd.txt

Kashem@Kashem-680M MINGW32 /e/QAAE
$ cd AWSB2002/

Kashem@Kashem-680M MINGW32 /e/QAAE/AWSB2002
$ ls
KASHEM.pem

Kashem@Kashem-680M MINGW32 /e/QAAE/AWSB2002
$ chmod 400 KASHEM.pem

Kashem@Kashem-680M MINGW32 /e/QAAE/AWSB2002
$ ssh -i "KASHEM.pem" ec2-user@ec2-18-232-75-94.compute-1.amazonaws.com
Last login: Mon Jun 29 06:24:24 2020 from 202.84.37.50

       __|  __|_  )
       _|  (     /   Amazon Linux 2 AMI
      ___|\___|___|

https://aws.amazon.com/amazon-linux-2/
4 package(s) needed for security, out of 10 available
Run "sudo yum update" to apply all updates.
[ec2-user@ip-172-31-38-80 ~]$ pwd
/home/ec2-user
[ec2-user@ip-172-31-38-80 ~]$ ls
kashemAWS
[ec2-user@ip-172-31-38-80 ~]$ cd kashemAWS/
[ec2-user@ip-172-31-38-80 kashemAWS]$ lspwd
-bash: lspwd: command not found
[ec2-user@ip-172-31-38-80 kashemAWS]$ PWD
-bash: PWD: command not found
[ec2-user@ip-172-31-38-80 kashemAWS]$ LS
-bash: LS: command not found
[ec2-user@ip-172-31-38-80 kashemAWS]$ chmod 400 KASHEM.pem
chmod: cannot access ‘KASHEM.pem’: No such file or directory
[ec2-user@ip-172-31-38-80 kashemAWS]$ ec2-18-232-75-94.compute-1.amazonaws.com
-bash: ec2-18-232-75-94.compute-1.amazonaws.com: command not found
[ec2-user@ip-172-31-38-80 kashemAWS]$ PWD
-bash: PWD: command not found
[ec2-user@ip-172-31-38-80 kashemAWS]$ LS
-bash: LS: command not found
[ec2-user@ip-172-31-38-80 kashemAWS]$ ls
linuscomandtest  linuxcomandtest  test2
[ec2-user@ip-172-31-38-80 kashemAWS]$ date
Mon Jun 29 08:50:44 UTC 2020
[ec2-user@ip-172-31-38-80 kashemAWS]$ cal
      June 2020
Su Mo Tu We Th Fr Sa
    1  2  3  4  5  6
 7  8  9 10 11 12 13
14 15 16 17 18 19 20
21 22 23 24 25 26 27
28 29 30

[ec2-user@ip-172-31-38-80 kashemAWS]$ uptimme
-bash: uptimme: command not found
[ec2-user@ip-172-31-38-80 kashemAWS]$ cat test2
this is another test file for practice and the file no is 2
there will be 10 more lines to practice head and tail commane
line 2
line 3
line 4
line 6
line 6
line 7
line 8
line 9
line 10
line 11 this line will be seen with tail command as this is actuaaly 12th line
[ec2-user@ip-172-31-38-80 kashemAWS]$ head


^Z
[1]+  Stopped                 head
[ec2-user@ip-172-31-38-80 kashemAWS]$ head test1
head: cannot open ‘test1’ for reading: No such file or directory
[ec2-user@ip-172-31-38-80 kashemAWS]$ head test2
this is another test file for practice and the file no is 2
there will be 10 more lines to practice head and tail commane
line 2
line 3
line 4
line 6
line 6
line 7
line 8
line 9
[ec2-user@ip-172-31-38-80 kashemAWS]$ tail test2
line 2
line 3
line 4
line 6
line 6
line 7
line 8
line 9
line 10
line 11 this line will be seen with tail command as this is actuaaly 12th line
[ec2-user@ip-172-31-38-80 kashemAWS]$ ls
linuscomandtest  linuxcomandtest  test2
[ec2-user@ip-172-31-38-80 kashemAWS]$ uptime
 08:52:42 up  2:30,  1 user,  load average: 0.00, 0.00, 0.00
[ec2-user@ip-172-31-38-80 kashemAWS]$ cd linuxcomandtest
-bash: cd: linuxcomandtest: Not a directory
[ec2-user@ip-172-31-38-80 kashemAWS]$ cd linuxcomandtest
-bash: cd: linuxcomandtest: Not a directory
[ec2-user@ip-172-31-38-80 kashemAWS]$ ls
linuscomandtest  linuxcomandtest  test2
[ec2-user@ip-172-31-38-80 kashemAWS]$ cd linux^C
[ec2-user@ip-172-31-38-80 kashemAWS]$ cd linuxcomandtest/
-bash: cd: linuxcomandtest/: Not a directory
[ec2-user@ip-172-31-38-80 kashemAWS]$ mkdir newfolder
[ec2-user@ip-172-31-38-80 kashemAWS]$ ls
linuscomandtest  linuxcomandtest  newfolder  test2
[ec2-user@ip-172-31-38-80 kashemAWS]$ touch apple.txt
[ec2-user@ip-172-31-38-80 kashemAWS]$ nano apple.txt
[ec2-user@ip-172-31-38-80 kashemAWS]$ ls
apple.txt  linuscomandtest  linuxcomandtest  newfolder  test2
[ec2-user@ip-172-31-38-80 kashemAWS]$ ls -al
total 12
drwxrwxr-x 3 ec2-user ec2-user  99 Jun 29 09:06 .
drwx------ 4 ec2-user ec2-user 112 Jun 29 06:50 ..
-rw-rw-r-- 1 ec2-user ec2-user  32 Jun 29 09:12 apple.txt
-rw-rw-r-- 1 ec2-user ec2-user  50 Jun 29 06:29 linuscomandtest
-rw-rw-r-- 1 ec2-user ec2-user   0 Jun 29 06:27 linuxcomandtest
drwxrwxr-x 2 ec2-user ec2-user   6 Jun 29 09:06 newfolder
-rw-rw-r-- 1 ec2-user ec2-user 267 Jun 29 06:39 test2
[ec2-user@ip-172-31-38-80 kashemAWS]$ sudo yum install git
Loaded plugins: extras_suggestions, langpacks, priorities, update-motd
amzn2-core                                                                                                                    | 3.7 kB  00:00:00
Resolving Dependencies
--> Running transaction check
---> Package git.x86_64 0:2.23.3-1.amzn2.0.1 will be installed
--> Processing Dependency: perl-Git = 2.23.3-1.amzn2.0.1 for package: git-2.23.3-1.amzn2.0.1.x86_64
--> Processing Dependency: git-core-doc = 2.23.3-1.amzn2.0.1 for package: git-2.23.3-1.amzn2.0.1.x86_64
--> Processing Dependency: git-core = 2.23.3-1.amzn2.0.1 for package: git-2.23.3-1.amzn2.0.1.x86_64
--> Processing Dependency: emacs-filesystem >= 25.3 for package: git-2.23.3-1.amzn2.0.1.x86_64
--> Processing Dependency: perl(Term::ReadKey) for package: git-2.23.3-1.amzn2.0.1.x86_64
--> Processing Dependency: perl(Git::I18N) for package: git-2.23.3-1.amzn2.0.1.x86_64
--> Processing Dependency: perl(Git) for package: git-2.23.3-1.amzn2.0.1.x86_64
--> Processing Dependency: libsecret-1.so.0()(64bit) for package: git-2.23.3-1.amzn2.0.1.x86_64
--> Running transaction check
---> Package emacs-filesystem.noarch 1:25.3-3.amzn2.0.1 will be installed
---> Package git-core.x86_64 0:2.23.3-1.amzn2.0.1 will be installed
---> Package git-core-doc.noarch 0:2.23.3-1.amzn2.0.1 will be installed
---> Package libsecret.x86_64 0:0.18.5-2.amzn2.0.2 will be installed
---> Package perl-Git.noarch 0:2.23.3-1.amzn2.0.1 will be installed
--> Processing Dependency: perl(Error) for package: perl-Git-2.23.3-1.amzn2.0.1.noarch
---> Package perl-TermReadKey.x86_64 0:2.30-20.amzn2.0.2 will be installed
--> Running transaction check
---> Package perl-Error.noarch 1:0.17020-2.amzn2 will be installed
--> Finished Dependency Resolution

Dependencies Resolved

=====================================================================================================================================================
 Package                                Arch                         Version                                  Repository                        Size
=====================================================================================================================================================
Installing:
 git                                    x86_64                       2.23.3-1.amzn2.0.1                       amzn2-core                       135 k
Installing for dependencies:
 emacs-filesystem                       noarch                       1:25.3-3.amzn2.0.1                       amzn2-core                        64 k
 git-core                               x86_64                       2.23.3-1.amzn2.0.1                       amzn2-core                       5.0 M
 git-core-doc                           noarch                       2.23.3-1.amzn2.0.1                       amzn2-core                       2.4 M
 libsecret                              x86_64                       0.18.5-2.amzn2.0.2                       amzn2-core                       153 k
 perl-Error                             noarch                       1:0.17020-2.amzn2                        amzn2-core                        32 k
 perl-Git                               noarch                       2.23.3-1.amzn2.0.1                       amzn2-core                        47 k
 perl-TermReadKey                       x86_64                       2.30-20.amzn2.0.2                        amzn2-core                        31 k

Transaction Summary
=====================================================================================================================================================
Install  1 Package (+7 Dependent packages)

Total download size: 7.9 M
Installed size: 41 M
Is this ok [y/d/N]: y
Downloading packages:
(1/8): emacs-filesystem-25.3-3.amzn2.0.1.noarch.rpm                                                                           |  64 kB  00:00:00
(2/8): git-2.23.3-1.amzn2.0.1.x86_64.rpm                                                                                      | 135 kB  00:00:00
(3/8): git-core-doc-2.23.3-1.amzn2.0.1.noarch.rpm                                                                             | 2.4 MB  00:00:00
(4/8): git-core-2.23.3-1.amzn2.0.1.x86_64.rpm                                                                                 | 5.0 MB  00:00:00
(5/8): perl-Error-0.17020-2.amzn2.noarch.rpm                                                                                  |  32 kB  00:00:00
(6/8): libsecret-0.18.5-2.amzn2.0.2.x86_64.rpm                                                                                | 153 kB  00:00:00
(7/8): perl-Git-2.23.3-1.amzn2.0.1.noarch.rpm                                                                                 |  47 kB  00:00:00
(8/8): perl-TermReadKey-2.30-20.amzn2.0.2.x86_64.rpm                                                                          |  31 kB  00:00:00
-----------------------------------------------------------------------------------------------------------------------------------------------------
Total                                                                                                                 30 MB/s | 7.9 MB  00:00:00
Running transaction check
Running transaction test
Transaction test succeeded
Running transaction
  Installing : git-core-2.23.3-1.amzn2.0.1.x86_64                                                                                                1/8
  Installing : git-core-doc-2.23.3-1.amzn2.0.1.noarch                                                                                            2/8
  Installing : 1:perl-Error-0.17020-2.amzn2.noarch                                                                                               3/8
  Installing : perl-TermReadKey-2.30-20.amzn2.0.2.x86_64                                                                                         4/8
  Installing : libsecret-0.18.5-2.amzn2.0.2.x86_64                                                                                               5/8
  Installing : 1:emacs-filesystem-25.3-3.amzn2.0.1.noarch                                                                                        6/8
  Installing : perl-Git-2.23.3-1.amzn2.0.1.noarch                                                                                                7/8
  Installing : git-2.23.3-1.amzn2.0.1.x86_64                                                                                                     8/8
  Verifying  : 1:emacs-filesystem-25.3-3.amzn2.0.1.noarch                                                                                        1/8
  Verifying  : git-2.23.3-1.amzn2.0.1.x86_64                                                                                                     2/8
  Verifying  : libsecret-0.18.5-2.amzn2.0.2.x86_64                                                                                               3/8
  Verifying  : perl-TermReadKey-2.30-20.amzn2.0.2.x86_64                                                                                         4/8
  Verifying  : git-core-2.23.3-1.amzn2.0.1.x86_64                                                                                                5/8
  Verifying  : 1:perl-Error-0.17020-2.amzn2.noarch                                                                                               6/8
  Verifying  : perl-Git-2.23.3-1.amzn2.0.1.noarch                                                                                                7/8
  Verifying  : git-core-doc-2.23.3-1.amzn2.0.1.noarch                                                                                            8/8

Installed:
  git.x86_64 0:2.23.3-1.amzn2.0.1

Dependency Installed:
  emacs-filesystem.noarch 1:25.3-3.amzn2.0.1          git-core.x86_64 0:2.23.3-1.amzn2.0.1         git-core-doc.noarch 0:2.23.3-1.amzn2.0.1
  libsecret.x86_64 0:0.18.5-2.amzn2.0.2               perl-Error.noarch 1:0.17020-2.amzn2          perl-Git.noarch 0:2.23.3-1.amzn2.0.1
  perl-TermReadKey.x86_64 0:2.30-20.amzn2.0.2

Complete!
[ec2-user@ip-172-31-38-80 kashemAWS]$ git add .
fatal: not a git repository (or any of the parent directories): .git
[ec2-user@ip-172-31-38-80 kashemAWS]$ pwd
/home/ec2-user/kashemAWS
[ec2-user@ip-172-31-38-80 kashemAWS]$ ls
apple.txt  linuscomandtest  linuxcomandtest  newfolder  test2
[ec2-user@ip-172-31-38-80 kashemAWS]$ git add test2
fatal: not a git repository (or any of the parent directories): .git
[ec2-user@ip-172-31-38-80 kashemAWS]$ git init
Initialized empty Git repository in /home/ec2-user/kashemAWS/.git/
[ec2-user@ip-172-31-38-80 kashemAWS]$ git add test
fatal: pathspec 'test' did not match any files
[ec2-user@ip-172-31-38-80 kashemAWS]$ git add test2
[ec2-user@ip-172-31-38-80 kashemAWS]$ git status
On branch master

No commits yet

Changes to be committed:
  (use "git rm --cached <file>..." to unstage)
        new file:   test2

Untracked files:
  (use "git add <file>..." to include in what will be committed)
        apple.txt
        linuscomandtest
        linuxcomandtest

[ec2-user@ip-172-31-38-80 kashemAWS]$ git add ..
fatal: ..: '..' is outside repository
[ec2-user@ip-172-31-38-80 kashemAWS]$ git add .
[ec2-user@ip-172-31-38-80 kashemAWS]$ git status
On branch master

No commits yet

Changes to be committed:
  (use "git rm --cached <file>..." to unstage)
        new file:   apple.txt
        new file:   linuscomandtest
        new file:   linuxcomandtest
        new file:   test2

[ec2-user@ip-172-31-38-80 kashemAWS]$ git commit -m"1st version of linux comman"
[master (root-commit) 6d14e33] 1st version of linux comman
 Committer: EC2 Default User <ec2-user@ip-172-31-38-80.ec2.internal>
Your name and email address were configured automatically based
on your username and hostname. Please check that they are accurate.
You can suppress this message by setting them explicitly. Run the
following command and follow the instructions in your editor to edit
your configuration file:

    git config --global --edit

After doing this, you may fix the identity used for this commit with:

    git commit --amend --reset-author

 4 files changed, 14 insertions(+)
 create mode 100644 apple.txt
 create mode 100644 linuscomandtest
 create mode 100644 linuxcomandtest
 create mode 100644 test2
[ec2-user@ip-172-31-38-80 kashemAWS]$ git status
On branch master
nothing to commit, working tree clean
[ec2-user@ip-172-31-38-80 kashemAWS]$
